  uzun panel (78912, 11) (42s)
  kesim 2025-03-31: 274,929 (53s)
  kesim 2025-04-30: 288,083 (66s)
  kesim 2025-05-31: 296,798 (77s)
  kesim 2025-06-30: 305,529 (90s)
  kesim 2025-07-31: 319,732 (104s)
  kesim 2025-08-31: 345,941 (119s)
  kesim 2025-09-30: 381,282 (135s)
  kesim 2025-10-31: 410,464 (154s)
  kesim 2025-11-30: 440,147 (174s)
  kesim 2025-12-31: 338,187 (193s)
  TEST 714,688 satir, 144 ozellik (223s)
  l_* NaN egitim maks 0.00000  test maks 0.00000
  == UZUN huber
    tohum 7 bitti (384s)
    tohum 17 bitti (525s)
    tohum 27 bitti (639s)
  == UZUN l1
    tohum 7 bitti (806s)
    tohum 17 bitti (969s)
    tohum 27 bitti (1115s)
  == KISA (l_* sabit) huber
    tohum 7 bitti (1196s)
    tohum 17 bitti (1288s)

  MARJINAL (uzun-kisa, huber 2 tohum) Q=0.003235 kurtoz=24.0
  ham yazildi (1291s)
notr (olculmus-curuk) trafo 980, satir 59,547 (%8.3)
  tuketim_h1_isil_ham.csv -> tuketim_h1_isil.csv  curuk pay 0.293  Q 0.05194
{
 "dosya": "tuketim_h1_isil.csv",
 "Q": 0.05193687200830271,
 "Q_rejim_payi": {
  "soguk": 0.31267031317077504,
  "kuyruk": 0.04313667950510358,
  "cekirdek": 0.6441930073241214
 },
 "maks_fark": 2.7202156408431963,
 "p999_fark": 1.9237236344249118,
 "Q_yeni": 0.01716555479416511,
 "yeni_pay": 0.3305080596964137,
 "kos_m4": 0.8054713772233337,
 "kos_m6dik": 0.14390205272174694,
 "span_ortusme": 0.8182248714770203,
 "korelasyon": 0.9914048909003091,
 "kalibre_kazanc": 0.004096,
 "kalibre_kazanc_yeni": 0.0013537610125165106,
 "basabas_skor": 1.0284089031160235,
 "log_ort": 6.6017754249040905,
 "log_std": 1.7384033751072994,
 "maks": 147402.90299972324,
 "alt1kwh_orani": 0.0261498723918689
}
KAPI: {"satir": 714688, "id_birebir": true, "nan": 0, "negatif": 0, "baslik": true}
YAZILDI h1_isil.json (1320s)
EXIT=0
