  kesim 2025-03-31: 274,929 (49s)
  kesim 2025-04-30: 288,083 (59s)
  kesim 2025-05-31: 296,798 (72s)
  kesim 2025-06-30: 305,529 (84s)
  kesim 2025-07-31: 319,732 (98s)
  kesim 2025-08-31: 345,941 (113s)
  kesim 2025-09-30: 381,282 (127s)
  kesim 2025-10-31: 410,464 (145s)
  kesim 2025-11-30: 440,147 (172s)
  kesim 2025-12-31: 338,187 (211s)
  TEST 714,688 satir, 133 ozellik (239s)
  == kol koy_a (239s)
    tohum 7 bitti (385s)
    tohum 17 bitti (497s)
  == kol koy_b (497s)
    tohum 37 bitti (614s)
    tohum 47 bitti (722s)
  == kol at (723s)
    tohum 7 bitti (835s)
    tohum 17 bitti (929s)
  == kol attak (929s)
    tohum 7 bitti (1016s)
    tohum 17 bitti (1101s)
  == kol arti (1101s)
    tohum 7 bitti (1176s)
    tohum 17 bitti (1252s)

===== Q OLCUMU (log1p uzayinda) =====
  hafta_gunu_sinyali       Q=0.003427  rms=0.0585  kurtoz=22.7  maks=0.918  p999=0.486  enkotu%1pay=0.371
  takvim_taban_sinyali     Q=0.003665  rms=0.0605  kurtoz=28.7  maks=1.073  p999=0.525  enkotu%1pay=0.378
  genis_takvim_sinyali     Q=0.003082  rms=0.0555  kurtoz=20.6  maks=1.017  p999=0.436  enkotu%1pay=0.310
  PLASEBO_tohum            Q=0.003481  rms=0.0590  kurtoz=31.9  maks=1.318  p999=0.427  enkotu%1pay=0.337

  sinyal/plasebo Q orani = 0.98
  KAPI Q>=0,01 : KALDI  (Q=0.003427)
YAZILDI h1_q_olcum.json (1252s)
