
########## DOGRULAMA 2025-11-30 ##########
  huber a=1.0                    tur  245 RMSLE 0.9327 soguk 1.8261 sicak 0.6875 | test-karisimi 1.0521  (51s)
  huber a=2.0                    tur  129 RMSLE 0.9434 soguk 1.8400 sicak 0.6983 | test-karisimi 1.0629  (75s)
  huber a=3.0                    tur  107 RMSLE 0.9526 soguk 1.8614 sicak 0.7037 | test-karisimi 1.0739  (95s)
  huber a=5.0                    tur   77 RMSLE 0.9623 soguk 1.8404 sicak 0.7276 | test-karisimi 1.0782  (114s)
  fair c=2                       tur  121 RMSLE 0.9537 soguk 1.8803 sicak 0.6974 | test-karisimi 1.0780  (136s)
  l1 (mae)                       tur  327 RMSLE 0.9280 soguk 1.8278 sicak 0.6793 | test-karisimi 1.0486  (183s)
  huber a2 + min_data500         tur  145 RMSLE 0.9440 soguk 1.8469 sicak 0.6964 | test-karisimi 1.0646  (207s)
  huber a2 + l2=20               tur  143 RMSLE 0.9416 soguk 1.8527 sicak 0.6901 | test-karisimi 1.0637  (229s)
  huber a2 + yaprak31 lr.03      tur  195 RMSLE 0.9423 soguk 1.8253 sicak 0.7029 | test-karisimi 1.0597  (254s)
  huber a2 + yaprak127           tur  101 RMSLE 0.9555 soguk 1.8661 sicak 0.7063 | test-karisimi 1.0770  (281s)

########## DOGRULAMA 2025-09-30 ##########
  huber a=1.0                    tur  323 RMSLE 1.2645 soguk 2.0885 sicak 0.8872 | test-karisimi 1.2567  (47s)
  huber a=2.0                    tur  116 RMSLE 1.2544 soguk 2.0742 sicak 0.8783 | test-karisimi 1.2466  (66s)
  huber a=3.0                    tur  113 RMSLE 1.2548 soguk 2.0776 sicak 0.8768 | test-karisimi 1.2469  (85s)
  huber a=5.0                    tur   66 RMSLE 1.2658 soguk 2.0733 sicak 0.8998 | test-karisimi 1.2581  (101s)
  fair c=2                       tur   88 RMSLE 1.2654 soguk 2.0901 sicak 0.8876 | test-karisimi 1.2575  (118s)
  l1 (mae)                       tur  516 RMSLE 1.2804 soguk 2.1329 sicak 0.8855 | test-karisimi 1.2722  (170s)
  huber a2 + min_data500         tur  136 RMSLE 1.2574 soguk 2.0742 sicak 0.8839 | test-karisimi 1.2496  (191s)
  huber a2 + l2=20               tur  147 RMSLE 1.2519 soguk 2.0737 sicak 0.8741 | test-karisimi 1.2440  (215s)
  huber a2 + yaprak31 lr.03      tur  208 RMSLE 1.2572 soguk 2.0796 sicak 0.8799 | test-karisimi 1.2494  (236s)
  huber a2 + yaprak127           tur  115 RMSLE 1.2591 soguk 2.0777 sicak 0.8847 | test-karisimi 1.2513  (259s)

=== IKI KESIMIN ORTALAMASI (test-karisimi) ===
  huber a2 + l2=20               1.1539   2025-11-30:1.0637  2025-09-30:1.2440
  huber a=1.0                    1.1544   2025-11-30:1.0521  2025-09-30:1.2567
  huber a2 + yaprak31 lr.03      1.1545   2025-11-30:1.0597  2025-09-30:1.2494
  huber a=2.0                    1.1548   2025-11-30:1.0629  2025-09-30:1.2466
  huber a2 + min_data500         1.1571   2025-11-30:1.0646  2025-09-30:1.2496
  l1 (mae)                       1.1604   2025-11-30:1.0486  2025-09-30:1.2722
  huber a=3.0                    1.1604   2025-11-30:1.0739  2025-09-30:1.2469
  huber a2 + yaprak127           1.1642   2025-11-30:1.0770  2025-09-30:1.2513
  fair c=2                       1.1677   2025-11-30:1.0780  2025-09-30:1.2575
  huber a=5.0                    1.1682   2025-11-30:1.0782  2025-09-30:1.2581
