
########## DOGRULAMA 2025-11-30 ##########
  TABAN (dis veri yok)       oz  52 tur  143 RMSLE 0.9416 soguk 1.8527 sicak 0.6901 | karisik 1.0637  (106s)
  A                          oz  85 tur  193 RMSLE 0.9238 soguk 1.8290 sicak 0.6722 | karisik 1.0454  (156s)
  A+C                        oz 120 tur  173 RMSLE 0.9265 soguk 1.8294 sicak 0.6762 | karisik 1.0476  (228s)
  A+G                        oz  89 tur  187 RMSLE 0.9293 soguk 1.8410 sicak 0.6756 | karisik 1.0518  (286s)
  A+C+G                      oz 124 tur  154 RMSLE 0.9279 soguk 1.8223 sicak 0.6816 | karisik 1.0476  (357s)
  A+B+C+G                    oz 137 tur  177 RMSLE 0.9236 soguk 1.8301 sicak 0.6713 | karisik 1.0455  (439s)
  A+C+G+E                    oz 133 tur  167 RMSLE 0.9265 soguk 1.8279 sicak 0.6770 | karisik 1.0475  (518s)
  A+B+C+G+E                  oz 146 tur  162 RMSLE 0.9285 soguk 1.8315 sicak 0.6786 | karisik 1.0497  (581s)

########## DOGRULAMA 2025-09-30 ##########
  TABAN (dis veri yok)       oz  52 tur  147 RMSLE 1.2519 soguk 2.0740 sicak 0.8738 | karisik 1.2440  (67s)
  A                          oz  85 tur  125 RMSLE 1.2229 soguk 2.0393 sicak 0.8442 | karisik 1.2150  (105s)
  A+C                        oz 120 tur  143 RMSLE 1.2212 soguk 2.0378 sicak 0.8421 | karisik 1.2133  (155s)
  A+G                        oz  89 tur  145 RMSLE 1.2175 soguk 2.0361 sicak 0.8365 | karisik 1.2097  (201s)
  A+C+G                      oz 124 tur  230 RMSLE 1.2187 soguk 2.0560 sicak 0.8243 | karisik 1.2106  (262s)
  A+B+C+G                    oz 137 tur  139 RMSLE 1.2234 soguk 2.0417 sicak 0.8435 | karisik 1.2156  (314s)
  A+C+G+E                    oz 133 tur  217 RMSLE 1.2168 soguk 2.0563 sicak 0.8203 | karisik 1.2086  (369s)
  A+B+C+G+E                  oz 146 tur  150 RMSLE 1.2174 soguk 2.0367 sicak 0.8359 | karisik 1.2096  (419s)

===== OZET (taban - kombo, + = kazanc) =====
  TABAN (dis veri yok)       {'2025-11-30': 0.0, '2025-09-30': 0.0}
  A                          {'2025-11-30': 0.0182, '2025-09-30': 0.029}
  A+C                        {'2025-11-30': 0.016, '2025-09-30': 0.0307}
  A+G                        {'2025-11-30': 0.0118, '2025-09-30': 0.0343}
  A+C+G                      {'2025-11-30': 0.016, '2025-09-30': 0.0334}
  A+B+C+G                    {'2025-11-30': 0.0182, '2025-09-30': 0.0285}
  A+C+G+E                    {'2025-11-30': 0.0162, '2025-09-30': 0.0354}
  A+B+C+G+E                  {'2025-11-30': 0.014, '2025-09-30': 0.0345}
