  taban (94s)
  yakinlik w=1.15^i (435s)
  yakinlik w=1.35^i (735s)
  rejim uzmani (1055s)
  lr0.02 (1248s)
### 2025-11-30
   TABAN h+l1             1.0416
   yakinlik w=1.15^i      1.0363
   yakinlik w=1.35^i      1.0368
   rejim uzmani           1.0452
   taban + rejim ort      1.0387
   lr 0.02                1.0403
   taban + lr0.02         1.0406
  taban (88s)
  yakinlik w=1.15^i (383s)
  yakinlik w=1.35^i (686s)
  rejim uzmani (821s)
  lr0.02 (1125s)
### 2025-09-30
   TABAN h+l1             1.2284
   yakinlik w=1.15^i      1.2278
   yakinlik w=1.35^i      1.2361
   rejim uzmani           1.2236
   taban + rejim ort      1.2234
   lr 0.02                1.2269
   taban + lr0.02         1.2271

=== IKI KESIM (taban farki, - = iyilesme) ===
  TABAN h+l1             2025-11-30:+0.0000  2025-09-30:+0.0000   KARISIK
  yakinlik w=1.15^i      2025-11-30:-0.0053  2025-09-30:-0.0006   KAZANDI
  yakinlik w=1.35^i      2025-11-30:-0.0048  2025-09-30:+0.0077   KARISIK
  rejim uzmani           2025-11-30:+0.0036  2025-09-30:-0.0048   KARISIK
  taban + rejim ort      2025-11-30:-0.0029  2025-09-30:-0.0050   KAZANDI
  lr 0.02                2025-11-30:-0.0013  2025-09-30:-0.0015   KAZANDI
  taban + lr0.02         2025-11-30:-0.0010  2025-09-30:-0.0013   KAZANDI
