  havuz (182s)
  rejim (327s)
  sik (741s)
### 2025-11-30   aylik egitim 1,978,830 | sik egitim 4,098,697
   m4 (aylik havuz)     1.0359
   rejim uzmani         1.0432
   havuz+rejim ort      1.0364
   SIK kesim havuz      1.0350
  havuz (331s)
  rejim (662s)
  sik (1201s)
### 2025-09-30   aylik egitim 1,315,310 | sik egitim 2,768,965
   m4 (aylik havuz)     1.1996
   rejim uzmani         1.1978
   havuz+rejim ort      1.1951
   SIK kesim havuz      1.2054

=== m4'e GORE (- = iyilesme) ===
  m4 (aylik havuz)     2025-11-30:+0.0000  2025-09-30:+0.0000   KARISIK
  rejim uzmani         2025-11-30:+0.0073  2025-09-30:-0.0018   KARISIK
  havuz+rejim ort      2025-11-30:+0.0006  2025-09-30:-0.0044   KARISIK
  SIK kesim havuz      2025-11-30:-0.0009  2025-09-30:+0.0058   KARISIK
