[    19s] komsu ozellikleri hazir
[    70s] amac l2: 1.04672
[   115s] amac huber2: 1.08008
[   200s] amac l1: 0.99631
[   352s] iki-asamali l2: 0.97203 (kazanc +0.07469)
[   419s] iki-asamali huber2: 0.96048 (kazanc +0.08624)
[   544s] iki-asamali l1: 0.96894 (kazanc +0.07777)
[   732s] f4_tek: 1.02629 (+0.02043)
[   732s] f1xf4: 0.97083 (+0.07589)
[   830s] F1 bilesen: sadece sifirsiz egitim 1.15708
{
 "amac_tek_asamali": {
  "l2": 1.0467168500503892,
  "huber2": 1.0800803572773277,
  "l1": 0.9963067248431942
 },
 "taban_l2": 1.0467168500503892,
 "amac_iki_asamali": {
  "l2": 0.9720301917885712,
  "huber2": 0.9604774147693234,
  "l1": 0.9689429393190865
 },
 "f4_tek": {
  "rmsle": 1.0262887108978145,
  "kazanc": 0.020428139152574687
 },
 "f1xf4": {
  "rmsle": 0.9708250293636245,
  "kazanc": 0.0758918206867647
 },
 "f1xf4_soguk": 1.8630011530580017,
 "f1xf4_sicak": 0.8586984242718736,
 "f1_bilesen": {
  "sadece_sifirsiz_egitim": 1.157076399707713,
  "sadece_sifirsiz_egitim_kazanc": -0.11035954965732375,
  "tam_iki_asamali": 0.9720301917885712
 }
}
