[     2s] uretim yaz25: 274929 satir, 9 sicak model, soguk pay 0.0750
[     2s] URETIM TABANI {"duz": 0.8668532532259553, "test_agirlikli": 0.9796055162273316, "soguk": 1.4359151168648066, "sicak": 0.8031875554912884}
[     3s] egitim bloklari 763808 satir, ozellik 143 (kimliksiz) / 148 (kimlikli); sifir orani 0.0378
[   370s] P0 hazir: yaz25 ort 0.0517, gercek sifir orani 0.0542
[   370s] a) {"duz": 0.8792631432781082, "test_agirlikli": 1.0030153518780305, "soguk": 1.4964173154119316, "sicak": 0.8087908828595501}
[   738s] b huber) {"duz": 0.9538431988225182, "test_agirlikli": 1.126455892585631, "soguk": 1.7804489896857738, "sicak": 0.8523091179065628}
[   738s] b l2) {"duz": 0.9558610983946345, "test_agirlikli": 1.1293139040304512, "soguk": 1.7861063491712903, "sicak": 0.8537915181535546}
[   738s] c) {"w_pozreg_0.25": {"duz": 0.8898195177456759, "test_agirlikli": 1.0192834210502608, "soguk": 1.5321449656435555, "sicak": 0.8158147259392118}, "w_pozreg_0.5": {"duz": 0.905974246860551, "test_agirlikli": 1.0458085411979292, "soguk": 1.5933167620435822, "sicak": 0.8254728031407861}, "w_pozreg_0.75": {"duz": 0.9274348282049174, "test_agirlikli": 1.0818365095276012, "soguk": 1.6771508898280774, "sicak": 0.837674004129433}}
[   907s] d) {"esik": 0.95, "egitim_blogu_rmsle": 0.484223577885168, "yaz25": {"duz": 0.8751194580741423, "test_agirlikli": 0.9857681024564957, "soguk": 1.4359151168648066, "sicak": 0.8128210722942422}}
[   981s] e) {"duz": 0.8793674248600689, "test_agirlikli": 1.003165866308521, "soguk": 1.4967279188228515, "sicak": 0.8088668202077927}
{
 "a_uretim_carpim": {
  "duz": -0.012409890052152872,
  "test_agirlikli": -0.023409835650698874,
  "soguk": -0.06050219854712502,
  "sicak": -0.005603327368261746
 },
 "b_yeniden_egitim_huber": {
  "duz": -0.08698994559656292,
  "test_agirlikli": -0.14685037635829934,
  "soguk": -0.34453387282096726,
  "sicak": -0.04912156241527443
 },
 "b_yeniden_egitim_l2": {
  "duz": -0.08900784516867921,
  "test_agirlikli": -0.14970838780311957,
  "soguk": -0.35019123230648375,
  "sicak": -0.05060396266226619
 },
 "d_esik": {
  "duz": -0.008266204848186964,
  "test_agirlikli": -0.006162586229164102,
  "soguk": 0.0,
  "sicak": -0.009633516802953768
 },
 "c_w_pozreg_0.25": {
  "duz": -0.022966264519720614,
  "test_agirlikli": -0.03967790482292921,
  "soguk": -0.09622984877874896,
  "sicak": -0.012627170447923386
 },
 "c_w_pozreg_0.5": {
  "duz": -0.03912099363459565,
  "test_agirlikli": -0.0662030249705976,
  "soguk": -0.15740164517877564,
  "sicak": -0.022285247649497686
 },
 "c_w_pozreg_0.75": {
  "duz": -0.060581574978962105,
  "test_agirlikli": -0.10223099330026963,
  "soguk": -0.2412357729632708,
  "sicak": -0.03448644863814465
 }
}
[   981s] bitti
