[     0s] egitim 1038737 satir, 143 ozellik
[     1s] yaz25: 274929 satir, 9 sicak model, soguk 0.0750
[     1s] yaz25 URETIM TABANI {"duz": 0.8668532532259553, "test_agirlikli": 0.9796055162273316, "soguk": 1.4359151168648066, "sicak": 0.8031875554912884}
[    61s] yaz25 P0 ort 0.0517 (gercek sifir 0.0542), egitim sifir 0.0378
[   123s] yaz25 ppos hazir
[   189s] yaz25 delta ort 0.2340 std 0.9473
[   189s] yaz25 d) {"duz": 0.9074553304068609, "test_agirlikli": 1.030052751392537, "soguk": 1.5226862303670987, "sicak": 0.8379536415462568}
[   189s] yaz25 a) {"duz": 0.8814153127179618, "test_agirlikli": 1.0031154275377854, "soguk": 1.4901231539725446, "sicak": 0.8122589686821615}
[   189s] yaz25 b) {"duz": 0.9557873096357815, "test_agirlikli": 1.124690534216102, "soguk": 1.7678601682639374, "sicak": 0.8567782303495529}
[   191s] yaz25 komsu NaN: egitim 0.002 hedef 0.003 hedef-soguk 0.005
[   352s] yaz25 c) {"duz": 0.947702301672824, "test_agirlikli": 1.1158706597372328, "soguk": 1.7556830487070776, "sicak": 0.8490652886332646}
{
 "a_carpim": {
  "duz": -0.014562059492006507,
  "test_agirlikli": -0.023509911310453768,
  "soguk": -0.05420803710773803,
  "sicak": -0.009071413190873123
 },
 "b_huber": {
  "duz": -0.08893405640982621,
  "test_agirlikli": -0.14508501798877038,
  "soguk": -0.3319450513991309,
  "sicak": -0.05359067485826452
 },
 "b_ham_ppos": {
  "duz": -0.44805829136998876,
  "test_agirlikli": -0.41117724859896176,
  "soguk": -0.30221774244555566,
  "sicak": -0.47123514420174906
 },
 "b2_harman_w0.25": {
  "duz": -0.024874317006823632,
  "test_agirlikli": -0.03918574738633107,
  "soguk": -0.08827581728611933,
  "sicak": -0.016081165065430003
 },
 "b2_harman_w0.5": {
  "duz": -0.04091644929461824,
  "test_agirlikli": -0.06519847060357531,
  "soguk": -0.14781426671591968,
  "sicak": -0.025906823057601946
 },
 "b2_harman_w0.75": {
  "duz": -0.0623917485883172,
  "test_agirlikli": -0.10080170200615313,
  "soguk": -0.23009487230465475,
  "sicak": -0.03844977042813269
 },
 "d_delta_ham": {
  "duz": -0.4212237686219221,
  "test_agirlikli": -0.3560007184678735,
  "soguk": -0.12742970331224357,
  "sicak": -0.459926467969467
 },
 "d_delta_carpim": {
  "duz": -0.04060207718090558,
  "test_agirlikli": -0.05044723516520544,
  "soguk": -0.08677111350229216,
  "sicak": -0.03476608605496845
 },
 "d_delta_carpim_w0.5": {
  "duz": -0.01830404821554088,
  "test_agirlikli": -0.022023083689174383,
  "soguk": -0.03605905242158136,
  "sicak": -0.016125190360175456
 },
 "d_delta_carpim_w1.0": {
  "duz": -0.04060207718090558,
  "test_agirlikli": -0.05044723516520544,
  "soguk": -0.08677111350229216,
  "sicak": -0.03476608605496845
 },
 "c_komsu": {
  "duz": -0.08084904844686869,
  "test_agirlikli": -0.13626514350990115,
  "soguk": -0.31976793184227104,
  "sicak": -0.045877733141976185
 },
 "c_ham_ppos": {
  "duz": -0.42443313996448506,
  "test_agirlikli": -0.3893401665970615,
  "soguk": -0.2868045825306018,
  "sicak": -0.446577903434197
 },
 "c2_harman_w0.5": {
  "duz": -0.035300691797057304,
  "test_agirlikli": -0.060637612706270216,
  "soguk": -0.14590478179059319,
  "sicak": -0.019551253276322567
 }
}
[   352s] bitti
