yuklendi tr=1,226,237 te=714,688 (42s)
  kesim 2025-03-31: 274,929 satir (50s)
  kesim 2025-05-31: 296,798 satir (80s)
  kesim 2025-07-31: 319,732 satir (88s)
  kesim 2025-09-30: 381,282 satir (99s)
  kesim 2025-11-30: 440,147 satir (115s)
  EGITIM (1712888, 70) | TEST (714688, 70) | soguk egt %14.1 test %22.2 (141s)
TEST turizm kolon NaN payi: {"tz_ilce_pay": 0.0, "tz_ilce_ay_yog": 0.0, "tz_ilce_gec_l12": 0.0, "tz_yoy_gec_dm": 0.0, "tz_yoy_dol_dm": 0.0, "tz_ilce_yoy_gec": 0.0, "tz_ilce_yoy_dol": 0.0, "tz_rejim_kirilma": 0.0, "th_tarim": 0.0, "th_yerlesim": 0.0, "th_bayram": 0.0, "th_tatil_yog": 0.0, "th_tatil_pay": 0.0, "th_tatil_tarim": 0.0, "th_tatil_yerlesim": 0.0, "th_bayram_yog": 0.0, "th_bayram_tarim": 0.0, "th_bayram_yerlesim": 0.0}
  taban/huber/7 bitti (205s)
  taban/huber/17 bitti (249s)
  taban/l1/7 bitti (868s)
  taban/l1/17 bitti (1228s)
  turizm/huber/7 bitti (1254s)
  turizm/huber/17 bitti (1294s)
  turizm/l1/7 bitti (1793s)
  turizm/l1/17 bitti (2431s)
  tatil/huber/7 bitti (2471s)
  tatil/huber/17 bitti (2506s)
  tatil/l1/7 bitti (2997s)
  tatil/l1/17 bitti (3281s)
  YAZILDI tuketim_t1_turizm.csv  Q=0.03902 kurtoz=14.6 %1pay=29.2 curukpay=0.205 kapi=OK
  t1: ham delta rms=0.0727 olcek=3.37
  YAZILDI tuketim_t2_tatil.csv  Q=0.04242 kurtoz=11.7 %1pay=24.7 curukpay=0.200 kapi=OK
  t2: ham delta rms=0.0678 olcek=3.61
BITTI (3295s)
