================================================================================
GRID UP -- SOTA BREAKTHROUGH PIPELINE (HEDEF: 1. SIRAYI GECMEK)
================================================================================

1/5  YUKLEME + LOKASYON
  train 1,226,237 satir | test 714,688 satir

2/5  GELISMIS HAVA + TAKVIM + STATIK ILCE + ULUSAL

3/5  BLOKLAR (SOTA yuvarlanan koken)
  blok yaz25  etiket 274,929 satir  ozet   90 gun  soguk 20,633 (%7.5)
  blok guz25  etiket 319,732 satir  ozet  212 gun  soguk 39,405 (%12.3)
  blok kis26  etiket 444,076 satir  ozet  334 gun  soguk 61,918 (%13.9)
  ek kokenlerle egitim 2,855,584 satir (dar set 1,038,737)
  TEST         714,688 satir  ozet  455 gun  soguk 158,369 (%22.2)

  Kullanilan toplam oznitelik sayisi: 168

4/5  DOGRULAMA (SIZINTISIZ KOKEN AYIKLAMA)

5/5  SON EGITIM (2 tohum x 3 model ailesi)
    tohum 42 (1/2) tamamlandi (362 sn)
    tohum 43 (2/2) tamamlandi (418 sn)
  [OLU TRAFO] 5,356 satir sifira cekildi (log1p buyuk ceza korumasi)
  [SON ISLEM] Soguk satirlara James-Stein buzulmesi ve seviye kalibrasyonu uygulandi.

  YAZILDI: C:\Users\Cem\Desktop\Datahon_Laptop\Grid-Up-Datathon---TasnifX\submissions\tuketim_y30_sota.csv (714,688 satir)
  Tahmin dagilimi: min=0.00, medyan=1109.15, ort=1772.02, max=152862.68

TAMAMLANDI -- Toplam sure: 14.8 dakika
