  koken 2025-03-31: 274,929 (15s)
  koken 2025-04-30: 288,083 (22s)
  koken 2025-05-31: 296,798 (30s)
  koken 2025-06-30: 305,529 (38s)
  koken 2025-07-31: 319,732 (47s)
  koken 2025-08-31: 345,941 (57s)
  koken 2025-09-30: 381,282 (68s)
  koken 2025-10-31: 410,464 (80s)
  koken 2025-11-30: 440,147 (92s)
  koken 2025-12-31: 338,187 (97s)
  egitim (3401092, 52) test (714688, 52) (110s)
  atilacak gecmis kolonlari (24): ['h_n', 'h_ilk', 'h_son', 'h_ort', 'h_med', 'h_std', 'h_sifir', 'h_ort7', 'h_n7', 'h_ort14', 'h_n14', 'h_ort28', 'h_n28', 'h_sifir28', 'h_ort56', 'h_n56', 'h_ort91', 'h_n91', 'h_sifir91', 'h_ort182', 'h_n182', 'h_egim', 'h_gecenyil', 'h_gecenyil_n']

=== A) AMNEZIK (gecmis kolonlari yok) ===
    tohum 7 (149s)
    tohum 17 (185s)
    capa soguk: -0.1926
    capa kuyruk: -0.2563
    capa cekirdek: -0.2276
  YAZILDI C:\Users\Cem\Desktop\Datahon_Laptop\Grid-Up-Datathon---TasnifX\submissions\tuketim_y31_amnezik.csv  kapi={'satir': 714688, 'id_birebir': True, 'nan': 0, 'negatif': 0}  (188s)

=== B) KAPASITE OFSETLI HEDEF ===
    tohum 7 (231s)
    tohum 17 (342s)
    capa soguk: -0.2344
    capa kuyruk: -0.0473
    capa cekirdek: -0.0289
  YAZILDI C:\Users\Cem\Desktop\Datahon_Laptop\Grid-Up-Datathon---TasnifX\submissions\tuketim_y32_kapasite.csv  kapi={'satir': 714688, 'id_birebir': True, 'nan': 0, 'negatif': 0}  (347s)

TAMAM (347s)
