    onarilmis  yaz25  cat_d7_rs4   tohum 1000 (42s)
    onarilmis  yaz25  cat_d7_rs4   tohum 1001 (43s)
    onarilmis  yaz25  cat_d7_rs4   tohum 1002 (45s)
    onarilmis  yaz25  cat_d7_lr03_rs4 tohum 1000 (64s)
    onarilmis  yaz25  cat_d7_lr03_rs4 tohum 1001 (65s)
    onarilmis  yaz25  cat_d7_lr03_rs4 tohum 1002 (65s)
    onarilmis  yaz25  cat_d7_l2_1  tohum 1000 (42s)
    onarilmis  yaz25  cat_d7_l2_1  tohum 1001 (42s)
    onarilmis  yaz25  cat_d7_l2_1  tohum 1002 (42s)
    onarilmis  yaz25  cat_d6_rs4   tohum 1000 (36s)
    onarilmis  yaz25  cat_d6_rs4   tohum 1001 (36s)
    onarilmis  yaz25  cat_d6_rs4   tohum 1002 (36s)
    onarilmis  guz25  cat_d7_rs4   tohum 1000 (38s)
    onarilmis  guz25  cat_d7_rs4   tohum 1001 (38s)
    onarilmis  guz25  cat_d7_rs4   tohum 1002 (38s)
    onarilmis  guz25  cat_d7_lr03_rs4 tohum 1000 (65s)
    onarilmis  guz25  cat_d7_lr03_rs4 tohum 1001 (61s)
    onarilmis  guz25  cat_d7_lr03_rs4 tohum 1002 (60s)
    onarilmis  guz25  cat_d7_l2_1  tohum 1000 (37s)
    onarilmis  guz25  cat_d7_l2_1  tohum 1001 (38s)
    onarilmis  guz25  cat_d7_l2_1  tohum 1002 (40s)
    onarilmis  guz25  cat_d6_rs4   tohum 1000 (32s)
    onarilmis  guz25  cat_d6_rs4   tohum 1001 (34s)
    onarilmis  guz25  cat_d6_rs4   tohum 1002 (34s)
    onarilmis  kis26  cat_d7_rs4   tohum 1000 (38s)
    onarilmis  kis26  cat_d7_rs4   tohum 1001 (39s)
    onarilmis  kis26  cat_d7_rs4   tohum 1002 (43s)
    onarilmis  kis26  cat_d7_lr03_rs4 tohum 1000 (74s)
    onarilmis  kis26  cat_d7_lr03_rs4 tohum 1001 (73s)
    onarilmis  kis26  cat_d7_lr03_rs4 tohum 1002 (79s)
    onarilmis  kis26  cat_d7_l2_1  tohum 1000 (51s)
    onarilmis  kis26  cat_d7_l2_1  tohum 1001 (47s)
    onarilmis  kis26  cat_d7_l2_1  tohum 1002 (54s)
    onarilmis  kis26  cat_d6_rs4   tohum 1000 (43s)
    onarilmis  kis26  cat_d6_rs4   tohum 1001 (46s)
    onarilmis  kis26  cat_d6_rs4   tohum 1002 (46s)
TAMAM 28.6 dk
