    onarilmis  yaz25  cat_d7       tohum 1000 (34s)
    onarilmis  yaz25  cat_d7       tohum 1001 (41s)
    onarilmis  yaz25  cat_d7       tohum 1002 (41s)
    onarilmis  yaz25  cat_d5       tohum 1000 (31s)
    onarilmis  yaz25  cat_d5       tohum 1001 (32s)
    onarilmis  yaz25  cat_d5       tohum 1002 (30s)
    onarilmis  yaz25  cat_d6       tohum 1000 (37s)
    onarilmis  yaz25  cat_d6       tohum 1001 (36s)
    onarilmis  yaz25  cat_d6       tohum 1002 (35s)
    onarilmis  yaz25  cat_d8       tohum 1000 (48s)
    onarilmis  yaz25  cat_d8       tohum 1001 (48s)
    onarilmis  yaz25  cat_d8       tohum 1002 (48s)
    onarilmis  yaz25  xgb          tohum 1000 (32s)
    onarilmis  yaz25  xgb          tohum 1001 (30s)
    onarilmis  yaz25  xgb          tohum 1002 (29s)
    onarilmis  yaz25  lgbm         tohum 1000 (26s)
    onarilmis  yaz25  lgbm         tohum 1001 (30s)
    onarilmis  yaz25  lgbm         tohum 1002 (47s)
    onarilmis  guz25  cat_d7       tohum 1000 (39s)
    onarilmis  guz25  cat_d7       tohum 1001 (38s)
    onarilmis  guz25  cat_d7       tohum 1002 (38s)
    onarilmis  guz25  cat_d5       tohum 1000 (27s)
    onarilmis  guz25  cat_d5       tohum 1001 (27s)
    onarilmis  guz25  cat_d5       tohum 1002 (26s)
    onarilmis  guz25  cat_d6       tohum 1000 (33s)
    onarilmis  guz25  cat_d6       tohum 1001 (32s)
    onarilmis  guz25  cat_d6       tohum 1002 (32s)
    onarilmis  guz25  cat_d8       tohum 1000 (43s)
    onarilmis  guz25  cat_d8       tohum 1001 (43s)
    onarilmis  guz25  cat_d8       tohum 1002 (43s)
    onarilmis  guz25  xgb          tohum 1000 (26s)
    onarilmis  guz25  xgb          tohum 1001 (26s)
    onarilmis  guz25  xgb          tohum 1002 (27s)
    onarilmis  guz25  lgbm         tohum 1000 (25s)
    onarilmis  guz25  lgbm         tohum 1001 (25s)
    onarilmis  guz25  lgbm         tohum 1002 (24s)
    onarilmis  kis26  cat_d7       tohum 1000 (39s)
    onarilmis  kis26  cat_d7       tohum 1001 (37s)
    onarilmis  kis26  cat_d7       tohum 1002 (38s)
    onarilmis  kis26  cat_d5       tohum 1000 (27s)
    onarilmis  kis26  cat_d5       tohum 1001 (27s)
    onarilmis  kis26  cat_d5       tohum 1002 (27s)
    onarilmis  kis26  cat_d6       tohum 1000 (33s)
    onarilmis  kis26  cat_d6       tohum 1001 (34s)
    onarilmis  kis26  cat_d6       tohum 1002 (32s)
    onarilmis  kis26  cat_d8       tohum 1000 (44s)
    onarilmis  kis26  cat_d8       tohum 1001 (43s)
    onarilmis  kis26  cat_d8       tohum 1002 (44s)
    onarilmis  kis26  xgb          tohum 1000 (27s)
    onarilmis  kis26  xgb          tohum 1001 (27s)
    onarilmis  kis26  xgb          tohum 1002 (27s)
    onarilmis  kis26  lgbm         tohum 1000 (26s)
    onarilmis  kis26  lgbm         tohum 1001 (23s)
    onarilmis  kis26  lgbm         tohum 1002 (26s)
    kirli      yaz25  cat_d5       tohum 1000 (33s)
    kirli      yaz25  cat_d5       tohum 1001 (35s)
    kirli      yaz25  cat_d5       tohum 1002 (33s)
    kirli      yaz25  cat_d6       tohum 1000 (43s)
    kirli      yaz25  cat_d6       tohum 1001 (42s)
    kirli      yaz25  cat_d6       tohum 1002 (42s)
    kirli      yaz25  cat_d8       tohum 1000 (54s)
    kirli      yaz25  cat_d8       tohum 1001 (53s)
    kirli      yaz25  cat_d8       tohum 1002 (53s)
    kirli      guz25  cat_d5       tohum 1000 (32s)
    kirli      guz25  cat_d5       tohum 1001 (32s)
    kirli      guz25  cat_d5       tohum 1002 (32s)
    kirli      guz25  cat_d6       tohum 1000 (38s)
    kirli      guz25  cat_d6       tohum 1001 (39s)
    kirli      guz25  cat_d6       tohum 1002 (37s)
    kirli      guz25  cat_d8       tohum 1000 (50s)
    kirli      guz25  cat_d8       tohum 1001 (50s)
    kirli      guz25  cat_d8       tohum 1002 (51s)
TAMAM 42.9 dk
