  onbellekten okunuyor: C:\Users\Cem\Desktop\Datahon_Laptop\Grid-Up-Datathon---TasnifX\data\interim\deney
  1000_TABAN_d7 hazir (45 sn)
  1000_random_4 hazir (84 sn)
  1000_depth_5 hazir (114 sn)
  1000_lr003_random4 hazir (181 sn)
  1001_TABAN_d7 hazir (224 sn)
  1001_random_4 hazir (264 sn)
  1001_depth_5 hazir (294 sn)
  1001_lr003_random4 hazir (360 sn)
  1002_TABAN_d7 hazir (401 sn)
  1002_random_4 hazir (442 sn)
  1002_depth_5 hazir (470 sn)
  1002_lr003_random4 hazir (536 sn)
  1003_TABAN_d7 hazir (577 sn)
  1003_random_4 hazir (621 sn)
  1003_depth_5 hazir (652 sn)
  1003_lr003_random4 hazir (719 sn)
  1004_TABAN_d7 hazir (763 sn)
  1004_random_4 hazir (807 sn)
  1004_depth_5 hazir (841 sn)
  1004_lr003_random4 hazir (909 sn)

kis26 soguk 61,918 satir, 1,223 trafo
TABAN_d7 MSE = 3.374855  (RMSLE 1.837078)

aday                   dMSE   test dMSE   kirpma tablosu K=0,1,5,10,25,50 (test dMSE)
random_4          -0.029550   -0.006548   -0.00655 -0.00534 -0.00162 +0.00077 +0.00476 +0.00861
                kazanan trafo 631/1223 (%51.6)   kazanan satir %49.6   en iyi tek trafo payi %18.6   ilk 5 %75.4
depth_5           -0.035276   -0.007817   -0.00782 -0.00606 -0.00088 +0.00301 +0.00925 +0.01710
                kazanan trafo 584/1223 (%47.8)   kazanan satir %44.8   en iyi tek trafo payi %22.6   ilk 5 %88.8
lr003_random4     -0.037352   -0.008277   -0.00828 -0.00712 -0.00356 -0.00130 +0.00268 +0.00658
                kazanan trafo 654/1223 (%53.5)   kazanan satir %51.9   en iyi tek trafo payi %14.1   ilk 5 %57.3

TAMAM 15.2 dk  | C:\Users\Cem\Desktop\Datahon_Laptop\Grid-Up-Datathon---TasnifX\experiments\egitim_soguk\ayristir_kis26.npz
