  onbellekten okunuyor: C:\Users\Cem\Desktop\Datahon_Laptop\Grid-Up-Datathon---TasnifX\data\interim\deney
  yaz25    sicak dogrulama 254,296 satir  2,213 trafo  ESS 0.637  egitim 1,981,873  eksik fit 1
    yaz25 tohum 1002 artikkas  (155 sn)
  guz25    sicak dogrulama 280,327 satir  2,714 trafo  ESS 0.307  egitim 1,180,665  eksik fit 3
    guz25 tohum 1000 artikkas  (90 sn)
    guz25 tohum 1001 artikkas  (95 sn)
    guz25 tohum 1002 artikkas  (93 sn)
  kis26    sicak dogrulama 382,158 satir  3,417 trafo  ESS 0.331  egitim 1,316,916  eksik fit 3
    kis26 tohum 1000 artikkas  (104 sn)
    kis26 tohum 1001 artikkas  (102 sn)
    kis26 tohum 1002 artikkas  (104 sn)

========================================================================================================
HUKUM: (d) ARTIK HEDEF artikkas
========================================================================================================
  blok         taban      aday    dRMSLE        m0        m1  dMSE_yerel      cat0      cat1
  yaz25      0.80608   0.80823  +0.00214   0.64977   0.65323    +0.00346   0.82044   0.83874
  guz25      0.99674   1.06515  +0.06841   0.99348   1.13454    +0.14106   1.00885   1.18012
  kis26      0.87742   0.87005  -0.00736   0.76986   0.75699    -0.01287   0.90642   0.90625
  HAVUZ      0.89718   0.91851  +0.02133   0.80493   0.84366    +0.03873

  goreli MSE orani r = 1.04811   ->  TEST dMSE = 0.38052*(r-1) = +0.01831
  yeni RMSLE tahmini = sqrt(1.03207 +0.01831) = 1.02488

  ESLENIK (blok,tohum) -- cat TEK BASINA, harmansiz
    fark (taban-aday, + = aday IYI) -0.06253  SH 0.02793  t=-2.24   2/9
      yaz25    tohum 1000  -0.00570
      yaz25    tohum 1001  -0.01846
      yaz25    tohum 1002  -0.01890
      guz25    tohum 1000  -0.17279
      guz25    tohum 1001  -0.15727
      guz25    tohum 1002  -0.18461
      kis26    tohum 1000  +0.01088
      kis26    tohum 1001  +0.02113
      kis26    tohum 1002  -0.03705

  KIRPMA -- yaz25   (en cok kazandiran K trafo atildiktan sonra)
       K   dMSE_yerel   kalan trafo   kalan satir
       0     +0.00346         2,213       254,296
       1     +0.00646         2,212       254,174
       5     +0.01406         2,208       253,768
      10     +0.01680         2,203       253,233
      25     +0.02108         2,188       251,603
      50     +0.02475         2,163       248,829
    en cok kazandiran 5 trafo: 75020402 -0.00300, 75280901 -0.00279, 700441524 -0.00274, 75010707 -0.00104, 75101912 -0.00095

  KIRPMA -- guz25   (en cok kazandiran K trafo atildiktan sonra)
       K   dMSE_yerel   kalan trafo   kalan satir
       0     +0.14106         2,714       280,327
       1     +0.14399         2,713       280,205
       5     +0.15087         2,709       279,866
      10     +0.15626         2,704       279,386
      25     +0.16579         2,689       278,018
      50     +0.17401         2,664       275,773
    en cok kazandiran 5 trafo: 72830071 -0.00287, 75141012 -0.00210, 700597360 -0.00130, 700330065 -0.00121, 71042013 -0.00111

  KIRPMA -- kis26   (en cok kazandiran K trafo atildiktan sonra)
       K   dMSE_yerel   kalan trafo   kalan satir
       0     -0.01287         3,417       382,158
       1     -0.00574         3,416       382,041
       5     +0.00542         3,412       381,651
      10     +0.01181         3,407       381,092
      25     +0.02254         3,392       379,384
      50     +0.03332         3,367       376,461
    en cok kazandiran 5 trafo: 700573511 -0.00715, 70342188 -0.00607, 700669705 -0.00200, 75010708 -0.00160, 71740204 -0.00141

TAMAM  13.2 dakika
